AX51 MACRO ASSEMBLER  WAIT1                                                                 06/10/17 18:25:45 PAGE     1


MACRO ASSEMBLER AX51 V3.03c
OBJECT MODULE PLACED IN wait1.OBJ
ASSEMBLER INVOKED BY: C:\Keil\C51\BIN\AX51.EXE wait1.a51 SET(SMALL) DEBUG EP

LOC    OBJ             LINE     SOURCE

                          1     ;Autor: dr inz. Krzysztof Murawski
                          2     
                          3     NAME    wait
                          4     
                          5     EXTRN   DATA (Var1, Var2, Var3)
                          6     
                          7     PUBLIC  w1ms, w5mS, w50mS
                          8     
------                    9     Wait_ROUTINES  SEGMENT  CODE
                         10     
------                   11             RSEG  Wait_ROUTINES
                         12     
000000                   13     w1ms:                 ; 
000000 750004     E      14           MOV        Var2,#4    ; 
000003 7500E0     E      15           MOV        Var1,#224  ;  
000006 D500FD            16     TT2:    DJNZ Var1,TT2   ; 
000009 D500FA            17                 DJNZ Var2,TT2   ; 
00000C 22                18                 RET             ;
                         19     
00000D                   20     w5mS:                 ; 
00000D 750014     E      21           MOV        Var2,#20   ; 
000010 750070     E      22           MOV        Var1,#112  ;  
000013 D500FD            23     TT3:    DJNZ Var1,TT3   ; 
000016 D500FA            24                 DJNZ Var2,TT3   ; 
000019 22                25                 RET                   ;
                         26     
00001A                   27     w50mS:                ;
00001A 7500C3     E      28           MOV        Var2,# 195 ;
00001D 750089     E      29           MOV        Var1,# 137 ;
000020 D500FD            30     TT5:    DJNZ Var1,TT5   ;
000023 D500FA            31                 DJNZ Var2,TT5   ;   
000026 22                32                 RET         
                         33     END
AX51 MACRO ASSEMBLER  WAIT1                                                                 06/10/17 18:25:45 PAGE     2

SYMBOL TABLE LISTING
------ ----- -------


N A M E                        T Y P E  V A L U E     ATTRIBUTES

TT2 . . . . . . . . . . . . .  C  ADDR  0006H     R   SEG=WAIT_ROUTINES
TT3 . . . . . . . . . . . . .  C  ADDR  0013H     R   SEG=WAIT_ROUTINES
TT5 . . . . . . . . . . . . .  C  ADDR  0020H     R   SEG=WAIT_ROUTINES
VAR1. . . . . . . . . . . . .  D  ADDR  -------       EXT
VAR2. . . . . . . . . . . . .  D  ADDR  -------       EXT
VAR3. . . . . . . . . . . . .  D  ADDR  -------       EXT
W1MS. . . . . . . . . . . . .  C  ADDR  0000H     R   SEG=WAIT_ROUTINES
W50MS . . . . . . . . . . . .  C  ADDR  001AH     R   SEG=WAIT_ROUTINES
W5MS. . . . . . . . . . . . .  C  ADDR  000DH     R   SEG=WAIT_ROUTINES
WAIT. . . . . . . . . . . . .  -- ----  -------       
WAIT_ROUTINES . . . . . . . .  C  SEG   000027H       REL=UNIT, ALN=BYTE


REGISTER BANK(S) USED: 0 


ASSEMBLY COMPLETE.  0 WARNING(S), 0 ERROR(S).
